SQL> drop table sawon;
drop table sawon
           *
ERROR at line 1:
ORA-02449: unique/primary keys in table referenced by foreign keys


SQL> drop table dept;
drop table dept
           *
ERROR at line 1:
ORA-02449: unique/primary keys in table referenced by foreign keys


SQL> drop table gogek;

Table dropped.

SQL> drop table dept;
drop table dept
           *
ERROR at line 1:
ORA-02449: unique/primary keys in table referenced by foreign keys


SQL> drop table sawon;

Table dropped.

SQL>
SQL> drop table dept;

Table dropped.