SQL> alter user Scott identified by Scott;
alter user Scott identified by Scott
           *
ERROR at line 1:
ORA-01918: user 'SCOTT' does not exist 


SQL> show user
USER is "SYSTEM"
SQL> create user Scott identified by Scott;

User created.

SQL> grant dba to Scott;

Grant succeeded.

SQL> alter user Scott identified by Scott;

User altered.

SQL> alter user Scott identified by happyday;

User altered.

SQL> select username from all_users;

USERNAME                                                                                                                                                                                                                                                                                                                                                                                                                                                                                                            
------------------------------------------------------------                                                                                                                                                                                                                                                                                                                                                                                                                                                        
XS$NULL                                                                                                                                                                                                                                                                                                                                                                                                                                                                                                             
SCOTT                                                                                                                                                                                                                                                                                                                                                                                                                                                                                                               
APEX_040000                                                                                                                                                                                                                                                                                                                                                                                                                                                                                                         
APEX_PUBLIC_USER                                                                                                                                                                                                                                                                                                                                                                                                                                                                                                    
FLOWS_FILES                                                                                                                                                                                                                                                                                                                                                                                                                                                                                                         
HR                                                                                                                                                                                                                                                                                                                                                                                                                                                                                                                  
MDSYS                                                                                                                                                                                                                                                                                                                                                                                                                                                                                                               
ANONYMOUS                                                                                                                                                                                                                                                                                                                                                                                                                                                                                                           
XDB                                                                                                                                                                                                                                                                                                                                                                                                                                                                                                                 
CTXSYS                                                                                                                                                                                                                                                                                                                                                                                                                                                                                                              
APPQOSSYS                                                                                                                                                                                                                                                                                                                                                                                                                                                                                                           
DBSNMP                                                                                                                                                                                                                                                                                                                                                                                                                                                                                                              
ORACLE_OCM                                                                                                                                                                                                                                                                                                                                                                                                                                                                                                          
DIP                                                                                                                                                                                                                                                                                                                                                                                                                                                                                                                 
OUTLN                                                                                                                                                                                                                                                                                                                                                                                                                                                                                                               
SYSTEM                                                                                                                                                                                                                                                                                                                                                                                                                                                                                                              
SYS                                                                                                                                                                                                                                                                                                                                                                                                                                                                                                                 

17 rows selected.

SQL> spool off
